MPLINK 5.00, LINKER
Linker Map File - Created Thu Mar 23 13:32:32 2017

                                 Section Info
                  Section       Type    Address   Location Size(Bytes)
                ---------  ---------  ---------  ---------  ---------
                 BOOT_ROM       code   0x000000    program   0x000006
                      INT       code   0x000008    program   0x000004
                 DESC_ROM    romdata   0x000050    program   0x000010
               KERNEL_ROM       code   0x000100    program   0x000326
                ALARM_ROM       code   0x000500    program   0x000aa2
                 EVEN_ROM       code   0x000fa2    program   0x000590
                  INT_ROM       code   0x001532    program   0x0000da
                 PROC_ROM       code   0x00160c    program   0x000526
              COUNTER_ROM       code   0x001b32    program   0x000354
               LED_ON_ROM       code   0x002000    program   0x000004
                 MAIN_ROM       code   0x007000    program   0x00004c
                   .cinit    romdata   0x00704c    program   0x000002
                    .code       code   0x00704e    program   0x000020
       .romdata_tsk_led.o    romdata   0x00706e    program   0x000000
       .idata_tsk_led.o_i    romdata   0x00706e    program   0x000000
          .code_tsk_led.o       code   0x00706e    program   0x000000
            .code_timer.o       code   0x00706e    program   0x000000
         .romdata_timer.o    romdata   0x00706e    program   0x000000
         .idata_timer.o_i    romdata   0x00706e    program   0x000000
         .code_taskdesc.o       code   0x00706e    program   0x000000
      .romdata_taskdesc.o    romdata   0x00706e    program   0x000000
      .idata_taskdesc.o_i    romdata   0x00706e    program   0x000000
         .idata_alarm.o_i    romdata   0x00706e    program   0x000000
         .romdata_alarm.o    romdata   0x00706e    program   0x000000
            .code_alarm.o       code   0x00706e    program   0x000000
          .idata_boot.o_i    romdata   0x00706e    program   0x000000
          .romdata_boot.o    romdata   0x00706e    program   0x000000
             .code_boot.o       code   0x00706e    program   0x000000
      .idata_even_man.o_i    romdata   0x00706e    program   0x000000
      .romdata_even_man.o    romdata   0x00706e    program   0x000000
         .code_even_man.o       code   0x00706e    program   0x000000
       .idata_int_man.o_i    romdata   0x00706e    program   0x000000
       .romdata_int_man.o    romdata   0x00706e    program   0x000000
          .code_int_man.o       code   0x00706e    program   0x000000
          .idata_main.o_i    romdata   0x00706e    program   0x000000
          .romdata_main.o    romdata   0x00706e    program   0x000000
             .code_main.o       code   0x00706e    program   0x000000
       .idata_pro_man.o_i    romdata   0x00706e    program   0x000000
       .romdata_pro_man.o    romdata   0x00706e    program   0x000000
          .code_pro_man.o       code   0x00706e    program   0x000000
                 .tmpdata      udata   0x000000       data   0x000004
                MATH_DATA      udata   0x000004       data   0x000000
                 EVEN_RAM      udata   0x000080       data   0x000004
               KERNEL_RAM      udata   0x000084       data   0x000009
                  INT_RAM      udata   0x00008d       data   0x000000
              COUNTER_RAM      udata   0x00008d       data   0x000000
               EVENT_MASK      udata   0x000090       data   0x000008
                WAIT_MASK      udata   0x000098       data   0x000008
                STACK_RAM      udata   0x0000a0       data   0x000008
                STATE_RAM      udata   0x0000a8       data   0x000008
                ALARM_RAM      udata   0x0000b0       data   0x000006
                 PROC_RAM      udata   0x0000b6       data   0x000007
               LED_ON_RAM      udata   0x000100       data   0x00001b
                 MAIN_RAM      udata   0x000400       data   0x000001
         .udata_tsk_led.o      udata   0x000401       data   0x000000
         .idata_tsk_led.o      idata   0x000401       data   0x000000
           .idata_timer.o      idata   0x000401       data   0x000000
           .udata_timer.o      udata   0x000401       data   0x000000
        .idata_taskdesc.o      idata   0x000401       data   0x000000
        .udata_taskdesc.o      udata   0x000401       data   0x000000
         .idata_pro_man.o      idata   0x000401       data   0x000000
         .udata_pro_man.o      udata   0x000401       data   0x000000
            .idata_main.o      idata   0x000401       data   0x000000
            .udata_main.o      udata   0x000401       data   0x000000
         .idata_int_man.o      idata   0x000401       data   0x000000
         .udata_int_man.o      udata   0x000401       data   0x000000
        .idata_even_man.o      idata   0x000401       data   0x000000
        .udata_even_man.o      udata   0x000401       data   0x000000
            .idata_boot.o      idata   0x000401       data   0x000000
            .udata_boot.o      udata   0x000401       data   0x000000
           .idata_alarm.o      idata   0x000401       data   0x000000
           .udata_alarm.o      udata   0x000401       data   0x000000
                   .stack      udata   0x000500       data   0x000100
            SFR_UNBANKED0      udata   0x000f80       data   0x000080



                              Program Memory Usage 
                               Start         End      
                           ---------   ---------      
                            0x000000    0x000005      
                            0x000008    0x00000b      
                            0x000050    0x00005f      
                            0x000100    0x000425      
                            0x000500    0x001e85      
                            0x002000    0x002003      
                            0x007000    0x00706d      
            7480 out of 32786 program addresses used, program memory utilization is 22%



                              Symbols - Sorted by Name
                     Name    Address   Location    Storage File                     
                ---------  ---------  ---------  --------- ---------                
             ActivateTask   0x0017d6    program     extern C:\workarea\git\yazaki_upt_lab_2017\Workspace\PICOS.X\pro_man.c
               AddOneTick   0x001b32    program     extern C:\workarea\git\yazaki_upt_lab_2017\Workspace\PICOS.X\timer.c
              CancelAlarm   0x000a22    program     extern C:\workarea\git\yazaki_upt_lab_2017\Workspace\PICOS.X\alarm.c
                ChainTask   0x00197e    program     extern C:\workarea\git\yazaki_upt_lab_2017\Workspace\PICOS.X\pro_man.c
               ClearEvent   0x001160    program     extern C:\workarea\git\yazaki_upt_lab_2017\Workspace\PICOS.X\even_man.c
              DeclarAlarm   0x000500    program     extern C:\workarea\git\yazaki_upt_lab_2017\Workspace\PICOS.X\alarm.c
               Delay40MHz   0x000f30    program     extern C:\workarea\git\yazaki_upt_lab_2017\Workspace\PICOS.X\alarm.c
     DisableAllInterrupts   0x0015d6    program     extern C:\workarea\git\yazaki_upt_lab_2017\Workspace\PICOS.X\int_man.c
         DisableInterrupt   0x001556    program     extern C:\workarea\git\yazaki_upt_lab_2017\Workspace\PICOS.X\int_man.c
      EnableAllInterrupts   0x0015d2    program     extern C:\workarea\git\yazaki_upt_lab_2017\Workspace\PICOS.X\int_man.c
          EnableInterrupt   0x001532    program     extern C:\workarea\git\yazaki_upt_lab_2017\Workspace\PICOS.X\int_man.c
                ErrorHook   0x00703a    program     extern C:\workarea\git\yazaki_upt_lab_2017\Workspace\PICOS.X\main.c
 GetActiveApplicationMode   0x001ada    program     extern C:\workarea\git\yazaki_upt_lab_2017\Workspace\PICOS.X\pro_man.c
                 GetAlarm   0x000910    program     extern C:\workarea\git\yazaki_upt_lab_2017\Workspace\PICOS.X\alarm.c
             GetAlarmBase   0x000b0c    program     extern C:\workarea\git\yazaki_upt_lab_2017\Workspace\PICOS.X\alarm.c
          GetCounterValue   0x000e68    program     extern C:\workarea\git\yazaki_upt_lab_2017\Workspace\PICOS.X\alarm.c
                 GetEvent   0x001268    program     extern C:\workarea\git\yazaki_upt_lab_2017\Workspace\PICOS.X\even_man.c
   GetInterruptDescriptor   0x00157a    program     extern C:\workarea\git\yazaki_upt_lab_2017\Workspace\PICOS.X\int_man.c
                GetTaskID   0x001672    program     extern C:\workarea\git\yazaki_upt_lab_2017\Workspace\PICOS.X\pro_man.c
             GetTaskState   0x001702    program     extern C:\workarea\git\yazaki_upt_lab_2017\Workspace\PICOS.X\pro_man.c
               IncCounter   0x000db6    program     extern C:\workarea\git\yazaki_upt_lab_2017\Workspace\PICOS.X\alarm.c
                     Init   0x007012    program     extern C:\workarea\git\yazaki_upt_lab_2017\Workspace\PICOS.X\main.c
                   Led_ON   0x002000    program     extern C:\workarea\git\yazaki_upt_lab_2017\Workspace\PICOS.X\tsk_led.c
             PostTaskHook   0x00703e    program     extern C:\workarea\git\yazaki_upt_lab_2017\Workspace\PICOS.X\main.c
              PreTaskHook   0x00703c    program     extern C:\workarea\git\yazaki_upt_lab_2017\Workspace\PICOS.X\main.c
              Save_STKPTR   0x00160c    program     extern C:\workarea\git\yazaki_upt_lab_2017\Workspace\PICOS.X\pro_man.c
                 Schedule   0x001a7c    program     extern C:\workarea\git\yazaki_upt_lab_2017\Workspace\PICOS.X\pro_man.c
              SetAbsAlarm   0x0007c0    program     extern C:\workarea\git\yazaki_upt_lab_2017\Workspace\PICOS.X\alarm.c
           SetAlarmAction   0x000bcc    program     extern C:\workarea\git\yazaki_upt_lab_2017\Workspace\PICOS.X\alarm.c
           SetAlarmTarget   0x000cc8    program     extern C:\workarea\git\yazaki_upt_lab_2017\Workspace\PICOS.X\alarm.c
                 SetEvent   0x000fa2    program     extern C:\workarea\git\yazaki_upt_lab_2017\Workspace\PICOS.X\even_man.c
              SetRelAlarm   0x000632    program     extern C:\workarea\git\yazaki_upt_lab_2017\Workspace\PICOS.X\alarm.c
             ShutdownHook   0x007038    program     extern C:\workarea\git\yazaki_upt_lab_2017\Workspace\PICOS.X\main.c
               ShutdownOS   0x001b08    program     extern C:\workarea\git\yazaki_upt_lab_2017\Workspace\PICOS.X\pro_man.c
                  StartOS   0x001ae0    program     extern C:\workarea\git\yazaki_upt_lab_2017\Workspace\PICOS.X\pro_man.c
              StartupHook   0x007036    program     extern C:\workarea\git\yazaki_upt_lab_2017\Workspace\PICOS.X\main.c
            TerminateTask   0x0018b2    program     extern C:\workarea\git\yazaki_upt_lab_2017\Workspace\PICOS.X\pro_man.c
                WaitEvent   0x0013a4    program     extern C:\workarea\git\yazaki_upt_lab_2017\Workspace\PICOS.X\even_man.c
         ___else_lbl00002   0x00051a    program     static                          
         ___else_lbl00002   0x001b4e    program     static                          
         ___else_lbl00002   0x000fba    program     static                          
         ___else_lbl00004   0x000578    program     static                          
         ___else_lbl00006   0x001056    program     static                          
         ___else_lbl00007   0x00168a    program     static                          
         ___else_lbl00009   0x0010c8    program     static                          
         ___else_lbl00009   0x000622    program     static                          
         ___else_lbl00010   0x0016cc    program     static                          
         ___else_lbl00011   0x0010d0    program     static                          
         ___else_lbl00012   0x00064a    program     static                          
         ___else_lbl00012   0x0016f4    program     static                          
         ___else_lbl00013   0x001db0    program     static                          
         ___else_lbl00015   0x00171a    program     static                          
         ___else_lbl00015   0x001134    program     static                          
         ___else_lbl00016   0x00069c    program     static                          
         ___else_lbl00018   0x001152    program     static                          
         ___else_lbl00019   0x00179c    program     static                          
         ___else_lbl00020   0x00077a    program     static                          
         ___else_lbl00021   0x001178    program     static                          
         ___else_lbl00023   0x0017c8    program     static                          
         ___else_lbl00023   0x0007b2    program     static                          
         ___else_lbl00025   0x00122e    program     static                          
         ___else_lbl00026   0x0017ee    program     static                          
         ___else_lbl00026   0x0007d8    program     static                          
         ___else_lbl00029   0x00125a    program     static                          
         ___else_lbl00030   0x000828    program     static                          
         ___else_lbl00032   0x0018a4    program     static                          
         ___else_lbl00032   0x001280    program     static                          
         ___else_lbl00034   0x0008ca    program     static                          
         ___else_lbl00035   0x0018c2    program     static                          
         ___else_lbl00036   0x0012f0    program     static                          
         ___else_lbl00037   0x000902    program     static                          
         ___else_lbl00039   0x001344    program     static                          
         ___else_lbl00040   0x000928    program     static                          
         ___else_lbl00041   0x001976    program     static                          
         ___else_lbl00043   0x001378    program     static                          
         ___else_lbl00044   0x001996    program     static                          
         ___else_lbl00044   0x000976    program     static                          
         ___else_lbl00046   0x001396    program     static                          
         ___else_lbl00047   0x0009dc    program     static                          
         ___else_lbl00049   0x0013bc    program     static                          
         ___else_lbl00050   0x000a14    program     static                          
         ___else_lbl00051   0x001a6e    program     static                          
         ___else_lbl00053   0x0014d2    program     static                          
         ___else_lbl00053   0x000a3a    program     static                          
         ___else_lbl00054   0x001a8c    program     static                          
         ___else_lbl00055   0x0014ba    program     static                          
         ___else_lbl00056   0x001ad2    program     static                          
         ___else_lbl00057   0x000a88    program     static                          
         ___else_lbl00059   0x001506    program     static                          
         ___else_lbl00060   0x000ac6    program     static                          
         ___else_lbl00062   0x001524    program     static                          
         ___else_lbl00063   0x000afe    program     static                          
         ___else_lbl00066   0x000b24    program     static                          
         ___else_lbl00070   0x000b86    program     static                          
         ___else_lbl00073   0x000bbe    program     static                          
         ___else_lbl00076   0x000be4    program     static                          
         ___else_lbl00080   0x000c32    program     static                          
         ___else_lbl00083   0x000c82    program     static                          
         ___else_lbl00086   0x000cba    program     static                          
         ___else_lbl00089   0x000ce0    program     static                          
         ___else_lbl00093   0x000d2e    program     static                          
         ___else_lbl00096   0x000d70    program     static                          
         ___else_lbl00099   0x000da8    program     static                          
         ___else_lbl00102   0x000dce    program     static                          
         ___else_lbl00106   0x000e22    program     static                          
         ___else_lbl00109   0x000e5a    program     static                          
         ___else_lbl00112   0x000e80    program     static                          
         ___else_lbl00116   0x000eea    program     static                          
         ___else_lbl00119   0x000f22    program     static                          
         ___else_lbl00122   0x000f48    program     static                          
         ___else_lbl00126   0x000f94    program     static                          
          ___for_lbl00003   0x00110e    program     static                          
          ___for_lbl00004   0x001114    program     static                          
          ___for_lbl00009   0x001e3e    program     static                          
          ___for_lbl00010   0x001e44    program     static                          
          ___for_lbl00013   0x000ff4    program     static                          
          ___for_lbl00015   0x001cec    program     static                          
          ___for_lbl00016   0x0017aa    program     static                          
          ___for_lbl00017   0x0017b0    program     static                          
          ___for_lbl00021   0x00172a    program     static                          
          ___for_lbl00022   0x00123c    program     static                          
          ___for_lbl00023   0x001242    program     static                          
          ___for_lbl00027   0x001188    program     static                          
          ___for_lbl00027   0x001886    program     static                          
          ___for_lbl00028   0x00188c    program     static                          
          ___for_lbl00030   0x001826    program     static                          
          ___for_lbl00033   0x001352    program     static                          
          ___for_lbl00034   0x001358    program     static                          
          ___for_lbl00036   0x001958    program     static                          
          ___for_lbl00037   0x00195e    program     static                          
          ___for_lbl00039   0x0018fa    program     static                          
          ___for_lbl00041   0x001290    program     static                          
          ___for_lbl00045   0x001a4c    program     static                          
          ___for_lbl00046   0x001a52    program     static                          
          ___for_lbl00049   0x0019ce    program     static                          
          ___for_lbl00050   0x0014e0    program     static                          
          ___for_lbl00051   0x0014e6    program     static                          
          ___for_lbl00057   0x0013f6    program     static                          
           ___if_lbl00001   0x001b50    program     static                          
           ___if_lbl00001   0x00051c    program     static                          
           ___if_lbl00001   0x000fbc    program     static                          
           ___if_lbl00003   0x00057a    program     static                          
           ___if_lbl00005   0x001bd2    program     static                          
           ___if_lbl00005   0x00057e    program     static                          
           ___if_lbl00005   0x001058    program     static                          
           ___if_lbl00006   0x007030    program     static                          
           ___if_lbl00006   0x00168c    program     static                          
           ___if_lbl00007   0x001c5a    program     static                          
           ___if_lbl00007   0x00105c    program     static                          
           ___if_lbl00008   0x000624    program     static                          
           ___if_lbl00008   0x0010ca    program     static                          
           ___if_lbl00008   0x001cb0    program     static                          
           ___if_lbl00009   0x0016dc    program     static                          
           ___if_lbl00010   0x001106    program     static                          
           ___if_lbl00011   0x00064c    program     static                          
           ___if_lbl00011   0x0016f6    program     static                          
           ___if_lbl00011   0x001e36    program     static                          
           ___if_lbl00012   0x001106    program     static                          
           ___if_lbl00012   0x001e36    program     static                          
           ___if_lbl00014   0x001e36    program     static                          
           ___if_lbl00014   0x001136    program     static                          
           ___if_lbl00014   0x00171c    program     static                          
           ___if_lbl00015   0x00069e    program     static                          
           ___if_lbl00016   0x00113a    program     static                          
           ___if_lbl00016   0x001e44    program     static                          
           ___if_lbl00017   0x001154    program     static                          
           ___if_lbl00017   0x0006a2    program     static                          
           ___if_lbl00018   0x000762    program     static                          
           ___if_lbl00018   0x00179e    program     static                          
           ___if_lbl00019   0x00077c    program     static                          
           ___if_lbl00020   0x0017a2    program     static                          
           ___if_lbl00020   0x00117a    program     static                          
           ___if_lbl00021   0x000780    program     static                          
           ___if_lbl00022   0x0017ca    program     static                          
           ___if_lbl00022   0x0007b4    program     static                          
           ___if_lbl00024   0x001230    program     static                          
           ___if_lbl00025   0x0007da    program     static                          
           ___if_lbl00025   0x0017f0    program     static                          
           ___if_lbl00026   0x001234    program     static                          
           ___if_lbl00028   0x00125c    program     static                          
           ___if_lbl00029   0x00187e    program     static                          
           ___if_lbl00029   0x00082a    program     static                          
           ___if_lbl00031   0x0018a6    program     static                          
           ___if_lbl00031   0x001282    program     static                          
           ___if_lbl00031   0x00082e    program     static                          
           ___if_lbl00032   0x0008b2    program     static                          
           ___if_lbl00033   0x0008cc    program     static                          
           ___if_lbl00034   0x0018c4    program     static                          
           ___if_lbl00035   0x0012f2    program     static                          
           ___if_lbl00035   0x0008d0    program     static                          
           ___if_lbl00036   0x000904    program     static                          
           ___if_lbl00037   0x0012f6    program     static                          
           ___if_lbl00038   0x001346    program     static                          
           ___if_lbl00038   0x001950    program     static                          
           ___if_lbl00039   0x00092a    program     static                          
           ___if_lbl00040   0x001978    program     static                          
           ___if_lbl00040   0x00134a    program     static                          
           ___if_lbl00042   0x00137a    program     static                          
           ___if_lbl00043   0x001998    program     static                          
           ___if_lbl00043   0x000978    program     static                          
           ___if_lbl00044   0x00137e    program     static                          
           ___if_lbl00045   0x001398    program     static                          
           ___if_lbl00045   0x00097c    program     static                          
           ___if_lbl00046   0x0009de    program     static                          
           ___if_lbl00047   0x001a20    program     static                          
           ___if_lbl00048   0x001a44    program     static                          
           ___if_lbl00048   0x0009e2    program     static                          
           ___if_lbl00048   0x0013be    program     static                          
           ___if_lbl00049   0x000a16    program     static                          
           ___if_lbl00050   0x001a70    program     static                          
           ___if_lbl00052   0x000a3c    program     static                          
           ___if_lbl00052   0x0014d4    program     static                          
           ___if_lbl00053   0x001a8e    program     static                          
           ___if_lbl00054   0x0014d8    program     static                          
           ___if_lbl00055   0x001ad4    program     static                          
           ___if_lbl00056   0x000a8a    program     static                          
           ___if_lbl00056   0x0014d8    program     static                          
           ___if_lbl00058   0x000a8e    program     static                          
           ___if_lbl00058   0x001508    program     static                          
           ___if_lbl00059   0x000ac8    program     static                          
           ___if_lbl00060   0x00150c    program     static                          
           ___if_lbl00061   0x000acc    program     static                          
           ___if_lbl00061   0x001526    program     static                          
           ___if_lbl00062   0x000b00    program     static                          
           ___if_lbl00065   0x000b26    program     static                          
           ___if_lbl00069   0x000b88    program     static                          
           ___if_lbl00071   0x000b8c    program     static                          
           ___if_lbl00072   0x000bc0    program     static                          
           ___if_lbl00075   0x000be6    program     static                          
           ___if_lbl00079   0x000c34    program     static                          
           ___if_lbl00081   0x000c38    program     static                          
           ___if_lbl00082   0x000c84    program     static                          
           ___if_lbl00084   0x000c88    program     static                          
           ___if_lbl00085   0x000cbc    program     static                          
           ___if_lbl00088   0x000ce2    program     static                          
           ___if_lbl00092   0x000d30    program     static                          
           ___if_lbl00094   0x000d34    program     static                          
           ___if_lbl00095   0x000d72    program     static                          
           ___if_lbl00097   0x000d76    program     static                          
           ___if_lbl00098   0x000daa    program     static                          
           ___if_lbl00101   0x000dd0    program     static                          
           ___if_lbl00105   0x000e24    program     static                          
           ___if_lbl00107   0x000e28    program     static                          
           ___if_lbl00108   0x000e5c    program     static                          
           ___if_lbl00111   0x000e82    program     static                          
           ___if_lbl00115   0x000eec    program     static                          
           ___if_lbl00117   0x000ef0    program     static                          
           ___if_lbl00118   0x000f24    program     static                          
           ___if_lbl00121   0x000f4a    program     static                          
           ___if_lbl00125   0x000f96    program     static                          
       ___return_lbl00000   0x001158    program     static                          
       ___return_lbl00000   0x001e6e    program     static                          
       ___return_lbl00000   0x000628    program     static                          
       ___return_lbl00000   0x000004    program     static                          
       ___return_lbl00003   0x007034    program     static                          
       ___return_lbl00005   0x0016fa    program     static                          
       ___return_lbl00010   0x0007b8    program     static                          
       ___return_lbl00013   0x0017ce    program     static                          
       ___return_lbl00019   0x001260    program     static                          
       ___return_lbl00024   0x0018aa    program     static                          
       ___return_lbl00024   0x000908    program     static                          
       ___return_lbl00030   0x00139c    program     static                          
       ___return_lbl00033   0x00197c    program     static                          
       ___return_lbl00038   0x000a1a    program     static                          
       ___return_lbl00042   0x001a74    program     static                          
       ___return_lbl00047   0x00152a    program     static                          
       ___return_lbl00051   0x000b04    program     static                          
       ___return_lbl00052   0x001ad8    program     static                          
       ___return_lbl00058   0x001b00    program     static                          
       ___return_lbl00059   0x001b20    program     static                          
       ___return_lbl00064   0x000bc4    program     static                          
       ___return_lbl00074   0x000cc0    program     static                          
       ___return_lbl00087   0x000dae    program     static                          
       ___return_lbl00100   0x000e60    program     static                          
       ___return_lbl00110   0x000f28    program     static                          
       ___return_lbl00120   0x000f9a    program     static                          
        ___while_lbl00003   0x001b8a    program     static                          
        ___while_lbl00004   0x007020    program     static                          
        ___while_lbl00004   0x001e66    program     static                          
        ___while_lbl00005   0x007034    program     static                          
        ___while_lbl00006   0x00057e    program     static                          
        ___while_lbl00007   0x0005b0    program     static                          
        ___while_lbl00013   0x000654    program     static                          
        ___while_lbl00014   0x00079a    program     static                          
        ___while_lbl00027   0x0007e2    program     static                          
        ___while_lbl00028   0x0008ea    program     static                          
        ___while_lbl00041   0x000932    program     static                          
        ___while_lbl00042   0x0009fc    program     static                          
        ___while_lbl00054   0x000a44    program     static                          
        ___while_lbl00055   0x000ae6    program     static                          
        ___while_lbl00067   0x000b2e    program     static                          
        ___while_lbl00068   0x000ba6    program     static                          
        ___while_lbl00077   0x000bee    program     static                          
        ___while_lbl00078   0x000ca2    program     static                          
        ___while_lbl00090   0x000cea    program     static                          
        ___while_lbl00091   0x000d90    program     static                          
        ___while_lbl00103   0x000dd8    program     static                          
        ___while_lbl00104   0x000e42    program     static                          
        ___while_lbl00113   0x000e8a    program     static                          
        ___while_lbl00114   0x000f0a    program     static                          
        ___while_lbl00123   0x000f4a    program     static                          
        ___while_lbl00124   0x000f7c    program     static                          
                   __pa_0   0x007040    program     static C:\workarea\git\yazaki_upt_lab_2017\Workspace\PICOS.X\main.c
                   __pa_0   0x0015da    program     static C:\workarea\git\yazaki_upt_lab_2017\Workspace\PICOS.X\int_man.c
                   __pa_0   0x001b28    program     static C:\workarea\git\yazaki_upt_lab_2017\Workspace\PICOS.X\pro_man.c
                   __pa_1   0x0015e8    program     static C:\workarea\git\yazaki_upt_lab_2017\Workspace\PICOS.X\int_man.c
                   __pa_2   0x0015f4    program     static C:\workarea\git\yazaki_upt_lab_2017\Workspace\PICOS.X\int_man.c
                   __pa_3   0x001600    program     static C:\workarea\git\yazaki_upt_lab_2017\Workspace\PICOS.X\int_man.c
               __tmplbl_0   0x0016ba    program     static                          
               __tmplbl_0   0x001004    program     static                          
               __tmplbl_0   0x001c2e    program     static                          
               __tmplbl_1   0x0016a4    program     static                          
               __tmplbl_1   0x001198    program     static                          
               __tmplbl_1   0x001c18    program     static                          
               __tmplbl_2   0x001d00    program     static                          
               __tmplbl_2   0x00169c    program     static                          
               __tmplbl_2   0x0012a0    program     static                          
               __tmplbl_3   0x001406    program     static                          
               __tmplbl_3   0x0016b4    program     static                          
               __tmplbl_4   0x00173a    program     static                          
               __tmplbl_5   0x001836    program     static                          
               __tmplbl_6   0x00190a    program     static                          
               __tmplbl_7   0x0019de    program     static                          
            __zero_memory   0x00704e    program     extern E:\3.46\pic18-lt\cxx-framework\src\traditional\proc\p18f452.asm
                  _isHook   0x000206    program     static C:\workarea\git\yazaki_upt_lab_2017\Workspace\PICOS.X\kernel.asm
              _k_init_RAM   0x00010e    program     static C:\workarea\git\yazaki_upt_lab_2017\Workspace\PICOS.X\kernel.asm
              _k_init_STK   0x00011c    program     static C:\workarea\git\yazaki_upt_lab_2017\Workspace\PICOS.X\kernel.asm
                  _kernel   0x000100    program     extern C:\workarea\git\yazaki_upt_lab_2017\Workspace\PICOS.X\kernel.asm
                  _parser   0x000144    program     static C:\workarea\git\yazaki_upt_lab_2017\Workspace\PICOS.X\kernel.asm
             _parser_init   0x000160    program     static C:\workarea\git\yazaki_upt_lab_2017\Workspace\PICOS.X\kernel.asm
           _parser_update   0x0001a8    program     static C:\workarea\git\yazaki_upt_lab_2017\Workspace\PICOS.X\kernel.asm
      _parser_update_diff   0x0001c8    program     static C:\workarea\git\yazaki_upt_lab_2017\Workspace\PICOS.X\kernel.asm
      _parser_update_loop   0x0001b4    program     static C:\workarea\git\yazaki_upt_lab_2017\Workspace\PICOS.X\kernel.asm
        _parser_update_rr   0x0001d0    program     static C:\workarea\git\yazaki_upt_lab_2017\Workspace\PICOS.X\kernel.asm
      _parser_update_swap   0x0001de    program     static C:\workarea\git\yazaki_upt_lab_2017\Workspace\PICOS.X\kernel.asm
            _restore_find   0x000370    program     static C:\workarea\git\yazaki_upt_lab_2017\Workspace\PICOS.X\kernel.asm
            _restore_next   0x00037a    program     static C:\workarea\git\yazaki_upt_lab_2017\Workspace\PICOS.X\kernel.asm
            _restore_read   0x000380    program     static C:\workarea\git\yazaki_upt_lab_2017\Workspace\PICOS.X\kernel.asm
       _restore_start_adr   0x000364    program     extern C:\workarea\git\yazaki_upt_lab_2017\Workspace\PICOS.X\kernel.asm
                _save_ctx   0x000394    program     extern C:\workarea\git\yazaki_upt_lab_2017\Workspace\PICOS.X\kernel.asm
                   _sched   0x000208    program     extern C:\workarea\git\yazaki_upt_lab_2017\Workspace\PICOS.X\kernel.asm
           _sched_clr_end   0x00021c    program     static C:\workarea\git\yazaki_upt_lab_2017\Workspace\PICOS.X\kernel.asm
          _sched_clr_next   0x0002e6    program     static C:\workarea\git\yazaki_upt_lab_2017\Workspace\PICOS.X\kernel.asm
           _sched_clr_run   0x00020e    program     static C:\workarea\git\yazaki_upt_lab_2017\Workspace\PICOS.X\kernel.asm
          _sched_exec_tsk   0x000222    program     static C:\workarea\git\yazaki_upt_lab_2017\Workspace\PICOS.X\kernel.asm
          _sched_jmp_next   0x0002f2    program     static C:\workarea\git\yazaki_upt_lab_2017\Workspace\PICOS.X\kernel.asm
               _scheduler   0x000304    program     extern C:\workarea\git\yazaki_upt_lab_2017\Workspace\PICOS.X\kernel.asm
           _scheduler_jmp   0x000310    program     static C:\workarea\git\yazaki_upt_lab_2017\Workspace\PICOS.X\kernel.asm
            _scheduler_lp   0x000326    program     static C:\workarea\git\yazaki_upt_lab_2017\Workspace\PICOS.X\kernel.asm
          _scheduler_next   0x000358    program     static C:\workarea\git\yazaki_upt_lab_2017\Workspace\PICOS.X\kernel.asm
          _scheduler_ordo   0x000342    program     static C:\workarea\git\yazaki_upt_lab_2017\Workspace\PICOS.X\kernel.asm
                   _while   0x000300    program     static C:\workarea\git\yazaki_upt_lab_2017\Workspace\PICOS.X\kernel.asm
                     boot   0x000000    program     extern C:\workarea\git\yazaki_upt_lab_2017\Workspace\PICOS.X\boot.c
                compare_l   0x007064    program     static E:\3.46\pic18-lt\cxx-framework\src\traditional\proc\p18f452.asm
                      end   0x000058    program     extern C:\workarea\git\yazaki_upt_lab_2017\Workspace\PICOS.X\taskdesc.c
                   loop_h   0x00705c    program     static E:\3.46\pic18-lt\cxx-framework\src\traditional\proc\p18f452.asm
                   loop_l   0x007066    program     static E:\3.46\pic18-lt\cxx-framework\src\traditional\proc\p18f452.asm
                     main   0x007000    program     extern C:\workarea\git\yazaki_upt_lab_2017\Workspace\PICOS.X\main.c
              restore_adr   0x00025a    program     static C:\workarea\git\yazaki_upt_lab_2017\Workspace\PICOS.X\kernel.asm
              restore_ctx   0x00024a    program     static C:\workarea\git\yazaki_upt_lab_2017\Workspace\PICOS.X\kernel.asm
             restore_next   0x000254    program     static C:\workarea\git\yazaki_upt_lab_2017\Workspace\PICOS.X\kernel.asm
            restore_stack   0x000266    program     static C:\workarea\git\yazaki_upt_lab_2017\Workspace\PICOS.X\kernel.asm
       restore_stack_next   0x000274    program     static C:\workarea\git\yazaki_upt_lab_2017\Workspace\PICOS.X\kernel.asm
          rom_desc_led_ON   0x000050    program     extern C:\workarea\git\yazaki_upt_lab_2017\Workspace\PICOS.X\taskdesc.c
                store_adr   0x0003cc    program     static C:\workarea\git\yazaki_upt_lab_2017\Workspace\PICOS.X\kernel.asm
                store_ctx   0x0003bc    program     static C:\workarea\git\yazaki_upt_lab_2017\Workspace\PICOS.X\kernel.asm
               store_next   0x0003c6    program     static C:\workarea\git\yazaki_upt_lab_2017\Workspace\PICOS.X\kernel.asm
              store_stack   0x00040e    program     static C:\workarea\git\yazaki_upt_lab_2017\Workspace\PICOS.X\kernel.asm
         store_stack_next   0x00041c    program     static C:\workarea\git\yazaki_upt_lab_2017\Workspace\PICOS.X\kernel.asm
               zero_block   0x00705c    program     static E:\3.46\pic18-lt\cxx-framework\src\traditional\proc\p18f452.asm
                   ADCON0   0x000fc2       data     extern E:\3.46\pic18-lt\cxx-framework\src\traditional\proc\p18f452.asm
               ADCON0bits   0x000fc2       data     extern E:\3.46\pic18-lt\cxx-framework\src\traditional\proc\p18f452.asm
                   ADCON1   0x000fc1       data     extern E:\3.46\pic18-lt\cxx-framework\src\traditional\proc\p18f452.asm
               ADCON1bits   0x000fc1       data     extern E:\3.46\pic18-lt\cxx-framework\src\traditional\proc\p18f452.asm
                    ADRES   0x000fc3       data     extern E:\3.46\pic18-lt\cxx-framework\src\traditional\proc\p18f452.asm
                   ADRESH   0x000fc4       data     extern E:\3.46\pic18-lt\cxx-framework\src\traditional\proc\p18f452.asm
                   ADRESL   0x000fc3       data     extern E:\3.46\pic18-lt\cxx-framework\src\traditional\proc\p18f452.asm
                      BSR   0x000fe0       data     extern E:\3.46\pic18-lt\cxx-framework\src\traditional\proc\p18f452.asm
                 BSR_save   0x00008c       data     extern C:\workarea\git\yazaki_upt_lab_2017\Workspace\PICOS.X\kernel.asm
                  CCP1CON   0x000fbd       data     extern E:\3.46\pic18-lt\cxx-framework\src\traditional\proc\p18f452.asm
              CCP1CONbits   0x000fbd       data     extern E:\3.46\pic18-lt\cxx-framework\src\traditional\proc\p18f452.asm
                  CCP2CON   0x000fba       data     extern E:\3.46\pic18-lt\cxx-framework\src\traditional\proc\p18f452.asm
              CCP2CONbits   0x000fba       data     extern E:\3.46\pic18-lt\cxx-framework\src\traditional\proc\p18f452.asm
                    CCPR1   0x000fbe       data     extern E:\3.46\pic18-lt\cxx-framework\src\traditional\proc\p18f452.asm
                   CCPR1H   0x000fbf       data     extern E:\3.46\pic18-lt\cxx-framework\src\traditional\proc\p18f452.asm
                   CCPR1L   0x000fbe       data     extern E:\3.46\pic18-lt\cxx-framework\src\traditional\proc\p18f452.asm
                    CCPR2   0x000fbb       data     extern E:\3.46\pic18-lt\cxx-framework\src\traditional\proc\p18f452.asm
                   CCPR2H   0x000fbc       data     extern E:\3.46\pic18-lt\cxx-framework\src\traditional\proc\p18f452.asm
                   CCPR2L   0x000fbb       data     extern E:\3.46\pic18-lt\cxx-framework\src\traditional\proc\p18f452.asm
                     DDRA   0x000f92       data     extern E:\3.46\pic18-lt\cxx-framework\src\traditional\proc\p18f452.asm
                 DDRAbits   0x000f92       data     extern E:\3.46\pic18-lt\cxx-framework\src\traditional\proc\p18f452.asm
                     DDRB   0x000f93       data     extern E:\3.46\pic18-lt\cxx-framework\src\traditional\proc\p18f452.asm
                 DDRBbits   0x000f93       data     extern E:\3.46\pic18-lt\cxx-framework\src\traditional\proc\p18f452.asm
                     DDRC   0x000f94       data     extern E:\3.46\pic18-lt\cxx-framework\src\traditional\proc\p18f452.asm
                 DDRCbits   0x000f94       data     extern E:\3.46\pic18-lt\cxx-framework\src\traditional\proc\p18f452.asm
                     DDRD   0x000f95       data     extern E:\3.46\pic18-lt\cxx-framework\src\traditional\proc\p18f452.asm
                 DDRDbits   0x000f95       data     extern E:\3.46\pic18-lt\cxx-framework\src\traditional\proc\p18f452.asm
                     DDRE   0x000f96       data     extern E:\3.46\pic18-lt\cxx-framework\src\traditional\proc\p18f452.asm
                 DDREbits   0x000f96       data     extern E:\3.46\pic18-lt\cxx-framework\src\traditional\proc\p18f452.asm
                    EEADR   0x000fa9       data     extern E:\3.46\pic18-lt\cxx-framework\src\traditional\proc\p18f452.asm
                   EECON1   0x000fa6       data     extern E:\3.46\pic18-lt\cxx-framework\src\traditional\proc\p18f452.asm
               EECON1bits   0x000fa6       data     extern E:\3.46\pic18-lt\cxx-framework\src\traditional\proc\p18f452.asm
                   EECON2   0x000fa7       data     extern E:\3.46\pic18-lt\cxx-framework\src\traditional\proc\p18f452.asm
                   EEDATA   0x000fa8       data     extern E:\3.46\pic18-lt\cxx-framework\src\traditional\proc\p18f452.asm
                     FSR0   0x000fe9       data     extern E:\3.46\pic18-lt\cxx-framework\src\traditional\proc\p18f452.asm
                    FSR0H   0x000fea       data     extern E:\3.46\pic18-lt\cxx-framework\src\traditional\proc\p18f452.asm
                    FSR0L   0x000fe9       data     extern E:\3.46\pic18-lt\cxx-framework\src\traditional\proc\p18f452.asm
                     FSR1   0x000fe1       data     extern E:\3.46\pic18-lt\cxx-framework\src\traditional\proc\p18f452.asm
                    FSR1H   0x000fe2       data     extern E:\3.46\pic18-lt\cxx-framework\src\traditional\proc\p18f452.asm
                    FSR1L   0x000fe1       data     extern E:\3.46\pic18-lt\cxx-framework\src\traditional\proc\p18f452.asm
                     FSR2   0x000fd9       data     extern E:\3.46\pic18-lt\cxx-framework\src\traditional\proc\p18f452.asm
                    FSR2H   0x000fda       data     extern E:\3.46\pic18-lt\cxx-framework\src\traditional\proc\p18f452.asm
                    FSR2L   0x000fd9       data     extern E:\3.46\pic18-lt\cxx-framework\src\traditional\proc\p18f452.asm
                    INDF0   0x000fef       data     extern E:\3.46\pic18-lt\cxx-framework\src\traditional\proc\p18f452.asm
                    INDF1   0x000fe7       data     extern E:\3.46\pic18-lt\cxx-framework\src\traditional\proc\p18f452.asm
                    INDF2   0x000fdf       data     extern E:\3.46\pic18-lt\cxx-framework\src\traditional\proc\p18f452.asm
                   INTCON   0x000ff2       data     extern E:\3.46\pic18-lt\cxx-framework\src\traditional\proc\p18f452.asm
                  INTCON1   0x000ff2       data     extern E:\3.46\pic18-lt\cxx-framework\src\traditional\proc\p18f452.asm
              INTCON1bits   0x000ff2       data     extern E:\3.46\pic18-lt\cxx-framework\src\traditional\proc\p18f452.asm
                  INTCON2   0x000ff1       data     extern E:\3.46\pic18-lt\cxx-framework\src\traditional\proc\p18f452.asm
              INTCON2bits   0x000ff1       data     extern E:\3.46\pic18-lt\cxx-framework\src\traditional\proc\p18f452.asm
                  INTCON3   0x000ff0       data     extern E:\3.46\pic18-lt\cxx-framework\src\traditional\proc\p18f452.asm
              INTCON3bits   0x000ff0       data     extern E:\3.46\pic18-lt\cxx-framework\src\traditional\proc\p18f452.asm
               INTCONbits   0x000ff2       data     extern E:\3.46\pic18-lt\cxx-framework\src\traditional\proc\p18f452.asm
                     IPR1   0x000f9f       data     extern E:\3.46\pic18-lt\cxx-framework\src\traditional\proc\p18f452.asm
                 IPR1bits   0x000f9f       data     extern E:\3.46\pic18-lt\cxx-framework\src\traditional\proc\p18f452.asm
                     IPR2   0x000fa2       data     extern E:\3.46\pic18-lt\cxx-framework\src\traditional\proc\p18f452.asm
                 IPR2bits   0x000fa2       data     extern E:\3.46\pic18-lt\cxx-framework\src\traditional\proc\p18f452.asm
                     LATA   0x000f89       data     extern E:\3.46\pic18-lt\cxx-framework\src\traditional\proc\p18f452.asm
                 LATAbits   0x000f89       data     extern E:\3.46\pic18-lt\cxx-framework\src\traditional\proc\p18f452.asm
                     LATB   0x000f8a       data     extern E:\3.46\pic18-lt\cxx-framework\src\traditional\proc\p18f452.asm
                 LATBbits   0x000f8a       data     extern E:\3.46\pic18-lt\cxx-framework\src\traditional\proc\p18f452.asm
                     LATC   0x000f8b       data     extern E:\3.46\pic18-lt\cxx-framework\src\traditional\proc\p18f452.asm
                 LATCbits   0x000f8b       data     extern E:\3.46\pic18-lt\cxx-framework\src\traditional\proc\p18f452.asm
                     LATD   0x000f8c       data     extern E:\3.46\pic18-lt\cxx-framework\src\traditional\proc\p18f452.asm
                 LATDbits   0x000f8c       data     extern E:\3.46\pic18-lt\cxx-framework\src\traditional\proc\p18f452.asm
                     LATE   0x000f8d       data     extern E:\3.46\pic18-lt\cxx-framework\src\traditional\proc\p18f452.asm
                 LATEbits   0x000f8d       data     extern E:\3.46\pic18-lt\cxx-framework\src\traditional\proc\p18f452.asm
                   LVDCON   0x000fd2       data     extern E:\3.46\pic18-lt\cxx-framework\src\traditional\proc\p18f452.asm
               LVDCONbits   0x000fd2       data     extern E:\3.46\pic18-lt\cxx-framework\src\traditional\proc\p18f452.asm
                   OSCCON   0x000fd3       data     extern E:\3.46\pic18-lt\cxx-framework\src\traditional\proc\p18f452.asm
               OSCCONbits   0x000fd3       data     extern E:\3.46\pic18-lt\cxx-framework\src\traditional\proc\p18f452.asm
                       PC   0x000ff9       data     extern E:\3.46\pic18-lt\cxx-framework\src\traditional\proc\p18f452.asm
                      PCL   0x000ff9       data     extern E:\3.46\pic18-lt\cxx-framework\src\traditional\proc\p18f452.asm
                   PCLATH   0x000ffa       data     extern E:\3.46\pic18-lt\cxx-framework\src\traditional\proc\p18f452.asm
                   PCLATU   0x000ffb       data     extern E:\3.46\pic18-lt\cxx-framework\src\traditional\proc\p18f452.asm
                     PIE1   0x000f9d       data     extern E:\3.46\pic18-lt\cxx-framework\src\traditional\proc\p18f452.asm
                 PIE1bits   0x000f9d       data     extern E:\3.46\pic18-lt\cxx-framework\src\traditional\proc\p18f452.asm
                     PIE2   0x000fa0       data     extern E:\3.46\pic18-lt\cxx-framework\src\traditional\proc\p18f452.asm
                 PIE2bits   0x000fa0       data     extern E:\3.46\pic18-lt\cxx-framework\src\traditional\proc\p18f452.asm
                     PIR1   0x000f9e       data     extern E:\3.46\pic18-lt\cxx-framework\src\traditional\proc\p18f452.asm
                 PIR1bits   0x000f9e       data     extern E:\3.46\pic18-lt\cxx-framework\src\traditional\proc\p18f452.asm
                     PIR2   0x000fa1       data     extern E:\3.46\pic18-lt\cxx-framework\src\traditional\proc\p18f452.asm
                 PIR2bits   0x000fa1       data     extern E:\3.46\pic18-lt\cxx-framework\src\traditional\proc\p18f452.asm
                   PLUSW0   0x000feb       data     extern E:\3.46\pic18-lt\cxx-framework\src\traditional\proc\p18f452.asm
                   PLUSW1   0x000fe3       data     extern E:\3.46\pic18-lt\cxx-framework\src\traditional\proc\p18f452.asm
                   PLUSW2   0x000fdb       data     extern E:\3.46\pic18-lt\cxx-framework\src\traditional\proc\p18f452.asm
                    PORTA   0x000f80       data     extern E:\3.46\pic18-lt\cxx-framework\src\traditional\proc\p18f452.asm
                PORTAbits   0x000f80       data     extern E:\3.46\pic18-lt\cxx-framework\src\traditional\proc\p18f452.asm
                    PORTB   0x000f81       data     extern E:\3.46\pic18-lt\cxx-framework\src\traditional\proc\p18f452.asm
                PORTBbits   0x000f81       data     extern E:\3.46\pic18-lt\cxx-framework\src\traditional\proc\p18f452.asm
                    PORTC   0x000f82       data     extern E:\3.46\pic18-lt\cxx-framework\src\traditional\proc\p18f452.asm
                PORTCbits   0x000f82       data     extern E:\3.46\pic18-lt\cxx-framework\src\traditional\proc\p18f452.asm
                    PORTD   0x000f83       data     extern E:\3.46\pic18-lt\cxx-framework\src\traditional\proc\p18f452.asm
                PORTDbits   0x000f83       data     extern E:\3.46\pic18-lt\cxx-framework\src\traditional\proc\p18f452.asm
                    PORTE   0x000f84       data     extern E:\3.46\pic18-lt\cxx-framework\src\traditional\proc\p18f452.asm
                PORTEbits   0x000f84       data     extern E:\3.46\pic18-lt\cxx-framework\src\traditional\proc\p18f452.asm
                 POSTDEC0   0x000fed       data     extern E:\3.46\pic18-lt\cxx-framework\src\traditional\proc\p18f452.asm
                 POSTDEC1   0x000fe5       data     extern E:\3.46\pic18-lt\cxx-framework\src\traditional\proc\p18f452.asm
                 POSTDEC2   0x000fdd       data     extern E:\3.46\pic18-lt\cxx-framework\src\traditional\proc\p18f452.asm
                 POSTINC0   0x000fee       data     extern E:\3.46\pic18-lt\cxx-framework\src\traditional\proc\p18f452.asm
                 POSTINC1   0x000fe6       data     extern E:\3.46\pic18-lt\cxx-framework\src\traditional\proc\p18f452.asm
                 POSTINC2   0x000fde       data     extern E:\3.46\pic18-lt\cxx-framework\src\traditional\proc\p18f452.asm
                      PR2   0x000fcb       data     extern E:\3.46\pic18-lt\cxx-framework\src\traditional\proc\p18f452.asm
                  PREINC0   0x000fec       data     extern E:\3.46\pic18-lt\cxx-framework\src\traditional\proc\p18f452.asm
                  PREINC1   0x000fe4       data     extern E:\3.46\pic18-lt\cxx-framework\src\traditional\proc\p18f452.asm
                  PREINC2   0x000fdc       data     extern E:\3.46\pic18-lt\cxx-framework\src\traditional\proc\p18f452.asm
                     PROD   0x000ff3       data     extern E:\3.46\pic18-lt\cxx-framework\src\traditional\proc\p18f452.asm
                    PRODH   0x000ff4       data     extern E:\3.46\pic18-lt\cxx-framework\src\traditional\proc\p18f452.asm
                    PRODL   0x000ff3       data     extern E:\3.46\pic18-lt\cxx-framework\src\traditional\proc\p18f452.asm
                     RCON   0x000fd0       data     extern E:\3.46\pic18-lt\cxx-framework\src\traditional\proc\p18f452.asm
                 RCONbits   0x000fd0       data     extern E:\3.46\pic18-lt\cxx-framework\src\traditional\proc\p18f452.asm
                    RCREG   0x000fae       data     extern E:\3.46\pic18-lt\cxx-framework\src\traditional\proc\p18f452.asm
                    RCSTA   0x000fab       data     extern E:\3.46\pic18-lt\cxx-framework\src\traditional\proc\p18f452.asm
                RCSTAbits   0x000fab       data     extern E:\3.46\pic18-lt\cxx-framework\src\traditional\proc\p18f452.asm
                    SPBRG   0x000faf       data     extern E:\3.46\pic18-lt\cxx-framework\src\traditional\proc\p18f452.asm
                   SSPADD   0x000fc8       data     extern E:\3.46\pic18-lt\cxx-framework\src\traditional\proc\p18f452.asm
                   SSPBUF   0x000fc9       data     extern E:\3.46\pic18-lt\cxx-framework\src\traditional\proc\p18f452.asm
                  SSPCON1   0x000fc6       data     extern E:\3.46\pic18-lt\cxx-framework\src\traditional\proc\p18f452.asm
              SSPCON1bits   0x000fc6       data     extern E:\3.46\pic18-lt\cxx-framework\src\traditional\proc\p18f452.asm
                  SSPCON2   0x000fc5       data     extern E:\3.46\pic18-lt\cxx-framework\src\traditional\proc\p18f452.asm
              SSPCON2bits   0x000fc5       data     extern E:\3.46\pic18-lt\cxx-framework\src\traditional\proc\p18f452.asm
                  SSPSTAT   0x000fc7       data     extern E:\3.46\pic18-lt\cxx-framework\src\traditional\proc\p18f452.asm
              SSPSTATbits   0x000fc7       data     extern E:\3.46\pic18-lt\cxx-framework\src\traditional\proc\p18f452.asm
                   STATUS   0x000fd8       data     extern E:\3.46\pic18-lt\cxx-framework\src\traditional\proc\p18f452.asm
              STATUS_save   0x00008b       data     extern C:\workarea\git\yazaki_upt_lab_2017\Workspace\PICOS.X\kernel.asm
               STATUSbits   0x000fd8       data     extern E:\3.46\pic18-lt\cxx-framework\src\traditional\proc\p18f452.asm
                   STKPTR   0x000ffc       data     extern E:\3.46\pic18-lt\cxx-framework\src\traditional\proc\p18f452.asm
               STKPTRbits   0x000ffc       data     extern E:\3.46\pic18-lt\cxx-framework\src\traditional\proc\p18f452.asm
             SelectedMode   0x000400       data     extern C:\workarea\git\yazaki_upt_lab_2017\Workspace\PICOS.X\main.c
                    T0CON   0x000fd5       data     extern E:\3.46\pic18-lt\cxx-framework\src\traditional\proc\p18f452.asm
                T0CONbits   0x000fd5       data     extern E:\3.46\pic18-lt\cxx-framework\src\traditional\proc\p18f452.asm
                    T1CON   0x000fcd       data     extern E:\3.46\pic18-lt\cxx-framework\src\traditional\proc\p18f452.asm
                T1CONbits   0x000fcd       data     extern E:\3.46\pic18-lt\cxx-framework\src\traditional\proc\p18f452.asm
                    T2CON   0x000fca       data     extern E:\3.46\pic18-lt\cxx-framework\src\traditional\proc\p18f452.asm
                T2CONbits   0x000fca       data     extern E:\3.46\pic18-lt\cxx-framework\src\traditional\proc\p18f452.asm
                    T3CON   0x000fb1       data     extern E:\3.46\pic18-lt\cxx-framework\src\traditional\proc\p18f452.asm
                T3CONbits   0x000fb1       data     extern E:\3.46\pic18-lt\cxx-framework\src\traditional\proc\p18f452.asm
                   TABLAT   0x000ff5       data     extern E:\3.46\pic18-lt\cxx-framework\src\traditional\proc\p18f452.asm
                   TBLPTR   0x000ff6       data     extern E:\3.46\pic18-lt\cxx-framework\src\traditional\proc\p18f452.asm
                  TBLPTRH   0x000ff7       data     extern E:\3.46\pic18-lt\cxx-framework\src\traditional\proc\p18f452.asm
                  TBLPTRL   0x000ff6       data     extern E:\3.46\pic18-lt\cxx-framework\src\traditional\proc\p18f452.asm
                  TBLPTRU   0x000ff8       data     extern E:\3.46\pic18-lt\cxx-framework\src\traditional\proc\p18f452.asm
                    TMR0H   0x000fd7       data     extern E:\3.46\pic18-lt\cxx-framework\src\traditional\proc\p18f452.asm
                    TMR0L   0x000fd6       data     extern E:\3.46\pic18-lt\cxx-framework\src\traditional\proc\p18f452.asm
                    TMR1H   0x000fcf       data     extern E:\3.46\pic18-lt\cxx-framework\src\traditional\proc\p18f452.asm
                    TMR1L   0x000fce       data     extern E:\3.46\pic18-lt\cxx-framework\src\traditional\proc\p18f452.asm
                     TMR2   0x000fcc       data     extern E:\3.46\pic18-lt\cxx-framework\src\traditional\proc\p18f452.asm
                    TMR3H   0x000fb3       data     extern E:\3.46\pic18-lt\cxx-framework\src\traditional\proc\p18f452.asm
                    TMR3L   0x000fb2       data     extern E:\3.46\pic18-lt\cxx-framework\src\traditional\proc\p18f452.asm
                      TOS   0x000ffd       data     extern E:\3.46\pic18-lt\cxx-framework\src\traditional\proc\p18f452.asm
                     TOSH   0x000ffe       data     extern E:\3.46\pic18-lt\cxx-framework\src\traditional\proc\p18f452.asm
                TOSH_MAIN   0x0000ba       data     extern C:\workarea\git\yazaki_upt_lab_2017\Workspace\PICOS.X\pro_man.c
                TOSH_SAVE   0x0000b7       data     extern C:\workarea\git\yazaki_upt_lab_2017\Workspace\PICOS.X\pro_man.c
                     TOSL   0x000ffd       data     extern E:\3.46\pic18-lt\cxx-framework\src\traditional\proc\p18f452.asm
                TOSL_MAIN   0x0000bb       data     extern C:\workarea\git\yazaki_upt_lab_2017\Workspace\PICOS.X\pro_man.c
                TOSL_SAVE   0x0000b8       data     extern C:\workarea\git\yazaki_upt_lab_2017\Workspace\PICOS.X\pro_man.c
                     TOSU   0x000fff       data     extern E:\3.46\pic18-lt\cxx-framework\src\traditional\proc\p18f452.asm
                TOSU_MAIN   0x0000b9       data     extern C:\workarea\git\yazaki_upt_lab_2017\Workspace\PICOS.X\pro_man.c
                TOSU_SAVE   0x0000b6       data     extern C:\workarea\git\yazaki_upt_lab_2017\Workspace\PICOS.X\pro_man.c
                    TRISA   0x000f92       data     extern E:\3.46\pic18-lt\cxx-framework\src\traditional\proc\p18f452.asm
                TRISAbits   0x000f92       data     extern E:\3.46\pic18-lt\cxx-framework\src\traditional\proc\p18f452.asm
                    TRISB   0x000f93       data     extern E:\3.46\pic18-lt\cxx-framework\src\traditional\proc\p18f452.asm
                TRISBbits   0x000f93       data     extern E:\3.46\pic18-lt\cxx-framework\src\traditional\proc\p18f452.asm
                    TRISC   0x000f94       data     extern E:\3.46\pic18-lt\cxx-framework\src\traditional\proc\p18f452.asm
                TRISCbits   0x000f94       data     extern E:\3.46\pic18-lt\cxx-framework\src\traditional\proc\p18f452.asm
                    TRISD   0x000f95       data     extern E:\3.46\pic18-lt\cxx-framework\src\traditional\proc\p18f452.asm
                TRISDbits   0x000f95       data     extern E:\3.46\pic18-lt\cxx-framework\src\traditional\proc\p18f452.asm
                    TRISE   0x000f96       data     extern E:\3.46\pic18-lt\cxx-framework\src\traditional\proc\p18f452.asm
                TRISEbits   0x000f96       data     extern E:\3.46\pic18-lt\cxx-framework\src\traditional\proc\p18f452.asm
                    TXREG   0x000fad       data     extern E:\3.46\pic18-lt\cxx-framework\src\traditional\proc\p18f452.asm
                    TXSTA   0x000fac       data     extern E:\3.46\pic18-lt\cxx-framework\src\traditional\proc\p18f452.asm
                TXSTAbits   0x000fac       data     extern E:\3.46\pic18-lt\cxx-framework\src\traditional\proc\p18f452.asm
                        W   0x000fe8       data     extern E:\3.46\pic18-lt\cxx-framework\src\traditional\proc\p18f452.asm
                   WDTCON   0x000fd1       data     extern E:\3.46\pic18-lt\cxx-framework\src\traditional\proc\p18f452.asm
               WDTCONbits   0x000fd1       data     extern E:\3.46\pic18-lt\cxx-framework\src\traditional\proc\p18f452.asm
                     WREG   0x000fe8       data     extern E:\3.46\pic18-lt\cxx-framework\src\traditional\proc\p18f452.asm
                  __tmp_0   0x000000       data     static C:\workarea\git\yazaki_upt_lab_2017\Workspace\PICOS.X\even_man.c
                  __tmp_0   0x000000       data     static C:\workarea\git\yazaki_upt_lab_2017\Workspace\PICOS.X\alarm.c
                  __tmp_0   0x000000       data     static C:\workarea\git\yazaki_upt_lab_2017\Workspace\PICOS.X\pro_man.c
                  __tmp_0   0x000000       data     static C:\workarea\git\yazaki_upt_lab_2017\Workspace\PICOS.X\timer.c
                alarm_ptr   0x0000b4       data     extern C:\workarea\git\yazaki_upt_lab_2017\Workspace\PICOS.X\alarm.c
                  appmode   0x0000bc       data     extern C:\workarea\git\yazaki_upt_lab_2017\Workspace\PICOS.X\pro_man.c
                call_from   0x00008a       data     extern C:\workarea\git\yazaki_upt_lab_2017\Workspace\PICOS.X\kernel.asm
               ctx_led_on   0x000100       data     extern C:\workarea\git\yazaki_upt_lab_2017\Workspace\PICOS.X\tsk_led.c
                  event_1   0x000090       data     extern C:\workarea\git\yazaki_upt_lab_2017\Workspace\PICOS.X\even_man.c
                  event_2   0x000091       data     extern C:\workarea\git\yazaki_upt_lab_2017\Workspace\PICOS.X\even_man.c
                  event_3   0x000092       data     extern C:\workarea\git\yazaki_upt_lab_2017\Workspace\PICOS.X\even_man.c
                  event_4   0x000093       data     extern C:\workarea\git\yazaki_upt_lab_2017\Workspace\PICOS.X\even_man.c
                  event_5   0x000094       data     extern C:\workarea\git\yazaki_upt_lab_2017\Workspace\PICOS.X\even_man.c
                  event_6   0x000095       data     extern C:\workarea\git\yazaki_upt_lab_2017\Workspace\PICOS.X\even_man.c
                  event_7   0x000096       data     extern C:\workarea\git\yazaki_upt_lab_2017\Workspace\PICOS.X\even_man.c
                  event_8   0x000097       data     extern C:\workarea\git\yazaki_upt_lab_2017\Workspace\PICOS.X\even_man.c
                        i   0x000083       data     extern C:\workarea\git\yazaki_upt_lab_2017\Workspace\PICOS.X\even_man.c
                       id   0x000086       data     static C:\workarea\git\yazaki_upt_lab_2017\Workspace\PICOS.X\kernel.asm
               id_tsk_run   0x000084       data     extern C:\workarea\git\yazaki_upt_lab_2017\Workspace\PICOS.X\kernel.asm
              liste_alarm   0x0000b2       data     extern C:\workarea\git\yazaki_upt_lab_2017\Workspace\PICOS.X\alarm.c
                   permut   0x000089       data     static C:\workarea\git\yazaki_upt_lab_2017\Workspace\PICOS.X\kernel.asm
                 ptr_task   0x000080       data     extern C:\workarea\git\yazaki_upt_lab_2017\Workspace\PICOS.X\even_man.c
             stack_led_on   0x00010b       data     extern C:\workarea\git\yazaki_upt_lab_2017\Workspace\PICOS.X\tsk_led.c
               stack_size   0x000087       data     static C:\workarea\git\yazaki_upt_lab_2017\Workspace\PICOS.X\kernel.asm
                     temp   0x000085       data     static C:\workarea\git\yazaki_upt_lab_2017\Workspace\PICOS.X\kernel.asm
                     temp   0x000082       data     extern C:\workarea\git\yazaki_upt_lab_2017\Workspace\PICOS.X\even_man.c
                    temp2   0x000088       data     static C:\workarea\git\yazaki_upt_lab_2017\Workspace\PICOS.X\kernel.asm
                tmp_alarm   0x0000b0       data     extern C:\workarea\git\yazaki_upt_lab_2017\Workspace\PICOS.X\alarm.c
              tsk_1_stack   0x0000a0       data     extern C:\workarea\git\yazaki_upt_lab_2017\Workspace\PICOS.X\pro_man.c
              tsk_1_state   0x0000a8       data     extern C:\workarea\git\yazaki_upt_lab_2017\Workspace\PICOS.X\pro_man.c
              tsk_2_stack   0x0000a1       data     extern C:\workarea\git\yazaki_upt_lab_2017\Workspace\PICOS.X\pro_man.c
              tsk_2_state   0x0000a9       data     extern C:\workarea\git\yazaki_upt_lab_2017\Workspace\PICOS.X\pro_man.c
              tsk_3_stack   0x0000a2       data     extern C:\workarea\git\yazaki_upt_lab_2017\Workspace\PICOS.X\pro_man.c
              tsk_3_state   0x0000aa       data     extern C:\workarea\git\yazaki_upt_lab_2017\Workspace\PICOS.X\pro_man.c
              tsk_4_stack   0x0000a3       data     extern C:\workarea\git\yazaki_upt_lab_2017\Workspace\PICOS.X\pro_man.c
              tsk_4_state   0x0000ab       data     extern C:\workarea\git\yazaki_upt_lab_2017\Workspace\PICOS.X\pro_man.c
              tsk_5_stack   0x0000a4       data     extern C:\workarea\git\yazaki_upt_lab_2017\Workspace\PICOS.X\pro_man.c
              tsk_5_state   0x0000ac       data     extern C:\workarea\git\yazaki_upt_lab_2017\Workspace\PICOS.X\pro_man.c
              tsk_6_stack   0x0000a5       data     extern C:\workarea\git\yazaki_upt_lab_2017\Workspace\PICOS.X\pro_man.c
              tsk_6_state   0x0000ad       data     extern C:\workarea\git\yazaki_upt_lab_2017\Workspace\PICOS.X\pro_man.c
              tsk_7_stack   0x0000a6       data     extern C:\workarea\git\yazaki_upt_lab_2017\Workspace\PICOS.X\pro_man.c
              tsk_7_state   0x0000ae       data     extern C:\workarea\git\yazaki_upt_lab_2017\Workspace\PICOS.X\pro_man.c
              tsk_8_stack   0x0000a7       data     extern C:\workarea\git\yazaki_upt_lab_2017\Workspace\PICOS.X\pro_man.c
              tsk_8_state   0x0000af       data     extern C:\workarea\git\yazaki_upt_lab_2017\Workspace\PICOS.X\pro_man.c
                   wait_1   0x000098       data     extern C:\workarea\git\yazaki_upt_lab_2017\Workspace\PICOS.X\even_man.c
                   wait_2   0x000099       data     extern C:\workarea\git\yazaki_upt_lab_2017\Workspace\PICOS.X\even_man.c
                   wait_3   0x00009a       data     extern C:\workarea\git\yazaki_upt_lab_2017\Workspace\PICOS.X\even_man.c
                   wait_4   0x00009b       data     extern C:\workarea\git\yazaki_upt_lab_2017\Workspace\PICOS.X\even_man.c
                   wait_5   0x00009c       data     extern C:\workarea\git\yazaki_upt_lab_2017\Workspace\PICOS.X\even_man.c
                   wait_6   0x00009d       data     extern C:\workarea\git\yazaki_upt_lab_2017\Workspace\PICOS.X\even_man.c
                   wait_7   0x00009e       data     extern C:\workarea\git\yazaki_upt_lab_2017\Workspace\PICOS.X\even_man.c
                   wait_8   0x00009f       data     extern C:\workarea\git\yazaki_upt_lab_2017\Workspace\PICOS.X\even_man.c



                              Symbols - Sorted by Address
                     Name    Address   Location    Storage File                     
                ---------  ---------  ---------  --------- ---------                
                     boot   0x000000    program     extern C:\workarea\git\yazaki_upt_lab_2017\Workspace\PICOS.X\boot.c
       ___return_lbl00000   0x000004    program     static                          
          rom_desc_led_ON   0x000050    program     extern C:\workarea\git\yazaki_upt_lab_2017\Workspace\PICOS.X\taskdesc.c
                      end   0x000058    program     extern C:\workarea\git\yazaki_upt_lab_2017\Workspace\PICOS.X\taskdesc.c
                  _kernel   0x000100    program     extern C:\workarea\git\yazaki_upt_lab_2017\Workspace\PICOS.X\kernel.asm
              _k_init_RAM   0x00010e    program     static C:\workarea\git\yazaki_upt_lab_2017\Workspace\PICOS.X\kernel.asm
              _k_init_STK   0x00011c    program     static C:\workarea\git\yazaki_upt_lab_2017\Workspace\PICOS.X\kernel.asm
                  _parser   0x000144    program     static C:\workarea\git\yazaki_upt_lab_2017\Workspace\PICOS.X\kernel.asm
             _parser_init   0x000160    program     static C:\workarea\git\yazaki_upt_lab_2017\Workspace\PICOS.X\kernel.asm
           _parser_update   0x0001a8    program     static C:\workarea\git\yazaki_upt_lab_2017\Workspace\PICOS.X\kernel.asm
      _parser_update_loop   0x0001b4    program     static C:\workarea\git\yazaki_upt_lab_2017\Workspace\PICOS.X\kernel.asm
      _parser_update_diff   0x0001c8    program     static C:\workarea\git\yazaki_upt_lab_2017\Workspace\PICOS.X\kernel.asm
        _parser_update_rr   0x0001d0    program     static C:\workarea\git\yazaki_upt_lab_2017\Workspace\PICOS.X\kernel.asm
      _parser_update_swap   0x0001de    program     static C:\workarea\git\yazaki_upt_lab_2017\Workspace\PICOS.X\kernel.asm
                  _isHook   0x000206    program     static C:\workarea\git\yazaki_upt_lab_2017\Workspace\PICOS.X\kernel.asm
                   _sched   0x000208    program     extern C:\workarea\git\yazaki_upt_lab_2017\Workspace\PICOS.X\kernel.asm
           _sched_clr_run   0x00020e    program     static C:\workarea\git\yazaki_upt_lab_2017\Workspace\PICOS.X\kernel.asm
           _sched_clr_end   0x00021c    program     static C:\workarea\git\yazaki_upt_lab_2017\Workspace\PICOS.X\kernel.asm
          _sched_exec_tsk   0x000222    program     static C:\workarea\git\yazaki_upt_lab_2017\Workspace\PICOS.X\kernel.asm
              restore_ctx   0x00024a    program     static C:\workarea\git\yazaki_upt_lab_2017\Workspace\PICOS.X\kernel.asm
             restore_next   0x000254    program     static C:\workarea\git\yazaki_upt_lab_2017\Workspace\PICOS.X\kernel.asm
              restore_adr   0x00025a    program     static C:\workarea\git\yazaki_upt_lab_2017\Workspace\PICOS.X\kernel.asm
            restore_stack   0x000266    program     static C:\workarea\git\yazaki_upt_lab_2017\Workspace\PICOS.X\kernel.asm
       restore_stack_next   0x000274    program     static C:\workarea\git\yazaki_upt_lab_2017\Workspace\PICOS.X\kernel.asm
          _sched_clr_next   0x0002e6    program     static C:\workarea\git\yazaki_upt_lab_2017\Workspace\PICOS.X\kernel.asm
          _sched_jmp_next   0x0002f2    program     static C:\workarea\git\yazaki_upt_lab_2017\Workspace\PICOS.X\kernel.asm
                   _while   0x000300    program     static C:\workarea\git\yazaki_upt_lab_2017\Workspace\PICOS.X\kernel.asm
               _scheduler   0x000304    program     extern C:\workarea\git\yazaki_upt_lab_2017\Workspace\PICOS.X\kernel.asm
           _scheduler_jmp   0x000310    program     static C:\workarea\git\yazaki_upt_lab_2017\Workspace\PICOS.X\kernel.asm
            _scheduler_lp   0x000326    program     static C:\workarea\git\yazaki_upt_lab_2017\Workspace\PICOS.X\kernel.asm
          _scheduler_ordo   0x000342    program     static C:\workarea\git\yazaki_upt_lab_2017\Workspace\PICOS.X\kernel.asm
          _scheduler_next   0x000358    program     static C:\workarea\git\yazaki_upt_lab_2017\Workspace\PICOS.X\kernel.asm
       _restore_start_adr   0x000364    program     extern C:\workarea\git\yazaki_upt_lab_2017\Workspace\PICOS.X\kernel.asm
            _restore_find   0x000370    program     static C:\workarea\git\yazaki_upt_lab_2017\Workspace\PICOS.X\kernel.asm
            _restore_next   0x00037a    program     static C:\workarea\git\yazaki_upt_lab_2017\Workspace\PICOS.X\kernel.asm
            _restore_read   0x000380    program     static C:\workarea\git\yazaki_upt_lab_2017\Workspace\PICOS.X\kernel.asm
                _save_ctx   0x000394    program     extern C:\workarea\git\yazaki_upt_lab_2017\Workspace\PICOS.X\kernel.asm
                store_ctx   0x0003bc    program     static C:\workarea\git\yazaki_upt_lab_2017\Workspace\PICOS.X\kernel.asm
               store_next   0x0003c6    program     static C:\workarea\git\yazaki_upt_lab_2017\Workspace\PICOS.X\kernel.asm
                store_adr   0x0003cc    program     static C:\workarea\git\yazaki_upt_lab_2017\Workspace\PICOS.X\kernel.asm
              store_stack   0x00040e    program     static C:\workarea\git\yazaki_upt_lab_2017\Workspace\PICOS.X\kernel.asm
         store_stack_next   0x00041c    program     static C:\workarea\git\yazaki_upt_lab_2017\Workspace\PICOS.X\kernel.asm
              DeclarAlarm   0x000500    program     extern C:\workarea\git\yazaki_upt_lab_2017\Workspace\PICOS.X\alarm.c
         ___else_lbl00002   0x00051a    program     static                          
           ___if_lbl00001   0x00051c    program     static                          
         ___else_lbl00004   0x000578    program     static                          
           ___if_lbl00003   0x00057a    program     static                          
           ___if_lbl00005   0x00057e    program     static                          
        ___while_lbl00006   0x00057e    program     static                          
        ___while_lbl00007   0x0005b0    program     static                          
         ___else_lbl00009   0x000622    program     static                          
           ___if_lbl00008   0x000624    program     static                          
       ___return_lbl00000   0x000628    program     static                          
              SetRelAlarm   0x000632    program     extern C:\workarea\git\yazaki_upt_lab_2017\Workspace\PICOS.X\alarm.c
         ___else_lbl00012   0x00064a    program     static                          
           ___if_lbl00011   0x00064c    program     static                          
        ___while_lbl00013   0x000654    program     static                          
         ___else_lbl00016   0x00069c    program     static                          
           ___if_lbl00015   0x00069e    program     static                          
           ___if_lbl00017   0x0006a2    program     static                          
           ___if_lbl00018   0x000762    program     static                          
         ___else_lbl00020   0x00077a    program     static                          
           ___if_lbl00019   0x00077c    program     static                          
           ___if_lbl00021   0x000780    program     static                          
        ___while_lbl00014   0x00079a    program     static                          
         ___else_lbl00023   0x0007b2    program     static                          
           ___if_lbl00022   0x0007b4    program     static                          
       ___return_lbl00010   0x0007b8    program     static                          
              SetAbsAlarm   0x0007c0    program     extern C:\workarea\git\yazaki_upt_lab_2017\Workspace\PICOS.X\alarm.c
         ___else_lbl00026   0x0007d8    program     static                          
           ___if_lbl00025   0x0007da    program     static                          
        ___while_lbl00027   0x0007e2    program     static                          
         ___else_lbl00030   0x000828    program     static                          
           ___if_lbl00029   0x00082a    program     static                          
           ___if_lbl00031   0x00082e    program     static                          
           ___if_lbl00032   0x0008b2    program     static                          
         ___else_lbl00034   0x0008ca    program     static                          
           ___if_lbl00033   0x0008cc    program     static                          
           ___if_lbl00035   0x0008d0    program     static                          
        ___while_lbl00028   0x0008ea    program     static                          
         ___else_lbl00037   0x000902    program     static                          
           ___if_lbl00036   0x000904    program     static                          
       ___return_lbl00024   0x000908    program     static                          
                 GetAlarm   0x000910    program     extern C:\workarea\git\yazaki_upt_lab_2017\Workspace\PICOS.X\alarm.c
         ___else_lbl00040   0x000928    program     static                          
           ___if_lbl00039   0x00092a    program     static                          
        ___while_lbl00041   0x000932    program     static                          
         ___else_lbl00044   0x000976    program     static                          
           ___if_lbl00043   0x000978    program     static                          
           ___if_lbl00045   0x00097c    program     static                          
         ___else_lbl00047   0x0009dc    program     static                          
           ___if_lbl00046   0x0009de    program     static                          
[...]
                    PORTD   0x000f83       data     extern E:\3.46\pic18-lt\cxx-framework\src\traditional\proc\p18f452.asm
                PORTEbits   0x000f84       data     extern E:\3.46\pic18-lt\cxx-framework\src\traditional\proc\p18f452.asm
                    PORTE   0x000f84       data     extern E:\3.46\pic18-lt\cxx-framework\src\traditional\proc\p18f452.asm
                 LATAbits   0x000f89       data     extern E:\3.46\pic18-lt\cxx-framework\src\traditional\proc\p18f452.asm
                     LATA   0x000f89       data     extern E:\3.46\pic18-lt\cxx-framework\src\traditional\proc\p18f452.asm
                     LATB   0x000f8a       data     extern E:\3.46\pic18-lt\cxx-framework\src\traditional\proc\p18f452.asm
                 LATBbits   0x000f8a       data     extern E:\3.46\pic18-lt\cxx-framework\src\traditional\proc\p18f452.asm
                     LATC   0x000f8b       data     extern E:\3.46\pic18-lt\cxx-framework\src\traditional\proc\p18f452.asm
                 LATCbits   0x000f8b       data     extern E:\3.46\pic18-lt\cxx-framework\src\traditional\proc\p18f452.asm
                     LATD   0x000f8c       data     extern E:\3.46\pic18-lt\cxx-framework\src\traditional\proc\p18f452.asm
                 LATDbits   0x000f8c       data     extern E:\3.46\pic18-lt\cxx-framework\src\traditional\proc\p18f452.asm
                     LATE   0x000f8d       data     extern E:\3.46\pic18-lt\cxx-framework\src\traditional\proc\p18f452.asm
                 LATEbits   0x000f8d       data     extern E:\3.46\pic18-lt\cxx-framework\src\traditional\proc\p18f452.asm
                    TRISA   0x000f92       data     extern E:\3.46\pic18-lt\cxx-framework\src\traditional\proc\p18f452.asm
                TRISAbits   0x000f92       data     extern E:\3.46\pic18-lt\cxx-framework\src\traditional\proc\p18f452.asm
                     DDRA   0x000f92       data     extern E:\3.46\pic18-lt\cxx-framework\src\traditional\proc\p18f452.asm
                 DDRAbits   0x000f92       data     extern E:\3.46\pic18-lt\cxx-framework\src\traditional\proc\p18f452.asm
                 DDRBbits   0x000f93       data     extern E:\3.46\pic18-lt\cxx-framework\src\traditional\proc\p18f452.asm
                    TRISB   0x000f93       data     extern E:\3.46\pic18-lt\cxx-framework\src\traditional\proc\p18f452.asm
                TRISBbits   0x000f93       data     extern E:\3.46\pic18-lt\cxx-framework\src\traditional\proc\p18f452.asm
                     DDRB   0x000f93       data     extern E:\3.46\pic18-lt\cxx-framework\src\traditional\proc\p18f452.asm
                     DDRC   0x000f94       data     extern E:\3.46\pic18-lt\cxx-framework\src\traditional\proc\p18f452.asm
                 DDRCbits   0x000f94       data     extern E:\3.46\pic18-lt\cxx-framework\src\traditional\proc\p18f452.asm
                    TRISC   0x000f94       data     extern E:\3.46\pic18-lt\cxx-framework\src\traditional\proc\p18f452.asm
                TRISCbits   0x000f94       data     extern E:\3.46\pic18-lt\cxx-framework\src\traditional\proc\p18f452.asm
                 DDRDbits   0x000f95       data     extern E:\3.46\pic18-lt\cxx-framework\src\traditional\proc\p18f452.asm
                     DDRD   0x000f95       data     extern E:\3.46\pic18-lt\cxx-framework\src\traditional\proc\p18f452.asm
                    TRISD   0x000f95       data     extern E:\3.46\pic18-lt\cxx-framework\src\traditional\proc\p18f452.asm
                TRISDbits   0x000f95       data     extern E:\3.46\pic18-lt\cxx-framework\src\traditional\proc\p18f452.asm
                TRISEbits   0x000f96       data     extern E:\3.46\pic18-lt\cxx-framework\src\traditional\proc\p18f452.asm
                    TRISE   0x000f96       data     extern E:\3.46\pic18-lt\cxx-framework\src\traditional\proc\p18f452.asm
                 DDREbits   0x000f96       data     extern E:\3.46\pic18-lt\cxx-framework\src\traditional\proc\p18f452.asm
                     DDRE   0x000f96       data     extern E:\3.46\pic18-lt\cxx-framework\src\traditional\proc\p18f452.asm
                     PIE1   0x000f9d       data     extern E:\3.46\pic18-lt\cxx-framework\src\traditional\proc\p18f452.asm
                 PIE1bits   0x000f9d       data     extern E:\3.46\pic18-lt\cxx-framework\src\traditional\proc\p18f452.asm
                     PIR1   0x000f9e       data     extern E:\3.46\pic18-lt\cxx-framework\src\traditional\proc\p18f452.asm
                 PIR1bits   0x000f9e       data     extern E:\3.46\pic18-lt\cxx-framework\src\traditional\proc\p18f452.asm
                 IPR1bits   0x000f9f       data     extern E:\3.46\pic18-lt\cxx-framework\src\traditional\proc\p18f452.asm
                     IPR1   0x000f9f       data     extern E:\3.46\pic18-lt\cxx-framework\src\traditional\proc\p18f452.asm
                     PIE2   0x000fa0       data     extern E:\3.46\pic18-lt\cxx-framework\src\traditional\proc\p18f452.asm
                 PIE2bits   0x000fa0       data     extern E:\3.46\pic18-lt\cxx-framework\src\traditional\proc\p18f452.asm
                 PIR2bits   0x000fa1       data     extern E:\3.46\pic18-lt\cxx-framework\src\traditional\proc\p18f452.asm
                     PIR2   0x000fa1       data     extern E:\3.46\pic18-lt\cxx-framework\src\traditional\proc\p18f452.asm
                 IPR2bits   0x000fa2       data     extern E:\3.46\pic18-lt\cxx-framework\src\traditional\proc\p18f452.asm
                     IPR2   0x000fa2       data     extern E:\3.46\pic18-lt\cxx-framework\src\traditional\proc\p18f452.asm
                   EECON1   0x000fa6       data     extern E:\3.46\pic18-lt\cxx-framework\src\traditional\proc\p18f452.asm
               EECON1bits   0x000fa6       data     extern E:\3.46\pic18-lt\cxx-framework\src\traditional\proc\p18f452.asm
                   EECON2   0x000fa7       data     extern E:\3.46\pic18-lt\cxx-framework\src\traditional\proc\p18f452.asm
                   EEDATA   0x000fa8       data     extern E:\3.46\pic18-lt\cxx-framework\src\traditional\proc\p18f452.asm
                    EEADR   0x000fa9       data     extern E:\3.46\pic18-lt\cxx-framework\src\traditional\proc\p18f452.asm
                RCSTAbits   0x000fab       data     extern E:\3.46\pic18-lt\cxx-framework\src\traditional\proc\p18f452.asm
                    RCSTA   0x000fab       data     extern E:\3.46\pic18-lt\cxx-framework\src\traditional\proc\p18f452.asm
                    TXSTA   0x000fac       data     extern E:\3.46\pic18-lt\cxx-framework\src\traditional\proc\p18f452.asm
                TXSTAbits   0x000fac       data     extern E:\3.46\pic18-lt\cxx-framework\src\traditional\proc\p18f452.asm
                    TXREG   0x000fad       data     extern E:\3.46\pic18-lt\cxx-framework\src\traditional\proc\p18f452.asm
                    RCREG   0x000fae       data     extern E:\3.46\pic18-lt\cxx-framework\src\traditional\proc\p18f452.asm
                    SPBRG   0x000faf       data     extern E:\3.46\pic18-lt\cxx-framework\src\traditional\proc\p18f452.asm
                T3CONbits   0x000fb1       data     extern E:\3.46\pic18-lt\cxx-framework\src\traditional\proc\p18f452.asm
                    T3CON   0x000fb1       data     extern E:\3.46\pic18-lt\cxx-framework\src\traditional\proc\p18f452.asm
                    TMR3L   0x000fb2       data     extern E:\3.46\pic18-lt\cxx-framework\src\traditional\proc\p18f452.asm
                    TMR3H   0x000fb3       data     extern E:\3.46\pic18-lt\cxx-framework\src\traditional\proc\p18f452.asm
                  CCP2CON   0x000fba       data     extern E:\3.46\pic18-lt\cxx-framework\src\traditional\proc\p18f452.asm
              CCP2CONbits   0x000fba       data     extern E:\3.46\pic18-lt\cxx-framework\src\traditional\proc\p18f452.asm
                    CCPR2   0x000fbb       data     extern E:\3.46\pic18-lt\cxx-framework\src\traditional\proc\p18f452.asm
                   CCPR2L   0x000fbb       data     extern E:\3.46\pic18-lt\cxx-framework\src\traditional\proc\p18f452.asm
                   CCPR2H   0x000fbc       data     extern E:\3.46\pic18-lt\cxx-framework\src\traditional\proc\p18f452.asm
              CCP1CONbits   0x000fbd       data     extern E:\3.46\pic18-lt\cxx-framework\src\traditional\proc\p18f452.asm
                  CCP1CON   0x000fbd       data     extern E:\3.46\pic18-lt\cxx-framework\src\traditional\proc\p18f452.asm
                   CCPR1L   0x000fbe       data     extern E:\3.46\pic18-lt\cxx-framework\src\traditional\proc\p18f452.asm
                    CCPR1   0x000fbe       data     extern E:\3.46\pic18-lt\cxx-framework\src\traditional\proc\p18f452.asm
                   CCPR1H   0x000fbf       data     extern E:\3.46\pic18-lt\cxx-framework\src\traditional\proc\p18f452.asm
               ADCON1bits   0x000fc1       data     extern E:\3.46\pic18-lt\cxx-framework\src\traditional\proc\p18f452.asm
                   ADCON1   0x000fc1       data     extern E:\3.46\pic18-lt\cxx-framework\src\traditional\proc\p18f452.asm
               ADCON0bits   0x000fc2       data     extern E:\3.46\pic18-lt\cxx-framework\src\traditional\proc\p18f452.asm
                   ADCON0   0x000fc2       data     extern E:\3.46\pic18-lt\cxx-framework\src\traditional\proc\p18f452.asm
                   ADRESL   0x000fc3       data     extern E:\3.46\pic18-lt\cxx-framework\src\traditional\proc\p18f452.asm
                    ADRES   0x000fc3       data     extern E:\3.46\pic18-lt\cxx-framework\src\traditional\proc\p18f452.asm
                   ADRESH   0x000fc4       data     extern E:\3.46\pic18-lt\cxx-framework\src\traditional\proc\p18f452.asm
              SSPCON2bits   0x000fc5       data     extern E:\3.46\pic18-lt\cxx-framework\src\traditional\proc\p18f452.asm
                  SSPCON2   0x000fc5       data     extern E:\3.46\pic18-lt\cxx-framework\src\traditional\proc\p18f452.asm
                  SSPCON1   0x000fc6       data     extern E:\3.46\pic18-lt\cxx-framework\src\traditional\proc\p18f452.asm
              SSPCON1bits   0x000fc6       data     extern E:\3.46\pic18-lt\cxx-framework\src\traditional\proc\p18f452.asm
                  SSPSTAT   0x000fc7       data     extern E:\3.46\pic18-lt\cxx-framework\src\traditional\proc\p18f452.asm
              SSPSTATbits   0x000fc7       data     extern E:\3.46\pic18-lt\cxx-framework\src\traditional\proc\p18f452.asm
                   SSPADD   0x000fc8       data     extern E:\3.46\pic18-lt\cxx-framework\src\traditional\proc\p18f452.asm
                   SSPBUF   0x000fc9       data     extern E:\3.46\pic18-lt\cxx-framework\src\traditional\proc\p18f452.asm
                    T2CON   0x000fca       data     extern E:\3.46\pic18-lt\cxx-framework\src\traditional\proc\p18f452.asm
                T2CONbits   0x000fca       data     extern E:\3.46\pic18-lt\cxx-framework\src\traditional\proc\p18f452.asm
                      PR2   0x000fcb       data     extern E:\3.46\pic18-lt\cxx-framework\src\traditional\proc\p18f452.asm
                     TMR2   0x000fcc       data     extern E:\3.46\pic18-lt\cxx-framework\src\traditional\proc\p18f452.asm
                    T1CON   0x000fcd       data     extern E:\3.46\pic18-lt\cxx-framework\src\traditional\proc\p18f452.asm
                T1CONbits   0x000fcd       data     extern E:\3.46\pic18-lt\cxx-framework\src\traditional\proc\p18f452.asm
                    TMR1L   0x000fce       data     extern E:\3.46\pic18-lt\cxx-framework\src\traditional\proc\p18f452.asm
                    TMR1H   0x000fcf       data     extern E:\3.46\pic18-lt\cxx-framework\src\traditional\proc\p18f452.asm
                 RCONbits   0x000fd0       data     extern E:\3.46\pic18-lt\cxx-framework\src\traditional\proc\p18f452.asm
                     RCON   0x000fd0       data     extern E:\3.46\pic18-lt\cxx-framework\src\traditional\proc\p18f452.asm
               WDTCONbits   0x000fd1       data     extern E:\3.46\pic18-lt\cxx-framework\src\traditional\proc\p18f452.asm
                   WDTCON   0x000fd1       data     extern E:\3.46\pic18-lt\cxx-framework\src\traditional\proc\p18f452.asm
               LVDCONbits   0x000fd2       data     extern E:\3.46\pic18-lt\cxx-framework\src\traditional\proc\p18f452.asm
                   LVDCON   0x000fd2       data     extern E:\3.46\pic18-lt\cxx-framework\src\traditional\proc\p18f452.asm
                   OSCCON   0x000fd3       data     extern E:\3.46\pic18-lt\cxx-framework\src\traditional\proc\p18f452.asm
               OSCCONbits   0x000fd3       data     extern E:\3.46\pic18-lt\cxx-framework\src\traditional\proc\p18f452.asm
                    T0CON   0x000fd5       data     extern E:\3.46\pic18-lt\cxx-framework\src\traditional\proc\p18f452.asm
                T0CONbits   0x000fd5       data     extern E:\3.46\pic18-lt\cxx-framework\src\traditional\proc\p18f452.asm
                    TMR0L   0x000fd6       data     extern E:\3.46\pic18-lt\cxx-framework\src\traditional\proc\p18f452.asm
                    TMR0H   0x000fd7       data     extern E:\3.46\pic18-lt\cxx-framework\src\traditional\proc\p18f452.asm
               STATUSbits   0x000fd8       data     extern E:\3.46\pic18-lt\cxx-framework\src\traditional\proc\p18f452.asm
                   STATUS   0x000fd8       data     extern E:\3.46\pic18-lt\cxx-framework\src\traditional\proc\p18f452.asm
                     FSR2   0x000fd9       data     extern E:\3.46\pic18-lt\cxx-framework\src\traditional\proc\p18f452.asm
                    FSR2L   0x000fd9       data     extern E:\3.46\pic18-lt\cxx-framework\src\traditional\proc\p18f452.asm
                    FSR2H   0x000fda       data     extern E:\3.46\pic18-lt\cxx-framework\src\traditional\proc\p18f452.asm
                   PLUSW2   0x000fdb       data     extern E:\3.46\pic18-lt\cxx-framework\src\traditional\proc\p18f452.asm
                  PREINC2   0x000fdc       data     extern E:\3.46\pic18-lt\cxx-framework\src\traditional\proc\p18f452.asm
                 POSTDEC2   0x000fdd       data     extern E:\3.46\pic18-lt\cxx-framework\src\traditional\proc\p18f452.asm
                 POSTINC2   0x000fde       data     extern E:\3.46\pic18-lt\cxx-framework\src\traditional\proc\p18f452.asm
                    INDF2   0x000fdf       data     extern E:\3.46\pic18-lt\cxx-framework\src\traditional\proc\p18f452.asm
                      BSR   0x000fe0       data     extern E:\3.46\pic18-lt\cxx-framework\src\traditional\proc\p18f452.asm
                    FSR1L   0x000fe1       data     extern E:\3.46\pic18-lt\cxx-framework\src\traditional\proc\p18f452.asm
                     FSR1   0x000fe1       data     extern E:\3.46\pic18-lt\cxx-framework\src\traditional\proc\p18f452.asm
                    FSR1H   0x000fe2       data     extern E:\3.46\pic18-lt\cxx-framework\src\traditional\proc\p18f452.asm
                   PLUSW1   0x000fe3       data     extern E:\3.46\pic18-lt\cxx-framework\src\traditional\proc\p18f452.asm
                  PREINC1   0x000fe4       data     extern E:\3.46\pic18-lt\cxx-framework\src\traditional\proc\p18f452.asm
                 POSTDEC1   0x000fe5       data     extern E:\3.46\pic18-lt\cxx-framework\src\traditional\proc\p18f452.asm
                 POSTINC1   0x000fe6       data     extern E:\3.46\pic18-lt\cxx-framework\src\traditional\proc\p18f452.asm
                    INDF1   0x000fe7       data     extern E:\3.46\pic18-lt\cxx-framework\src\traditional\proc\p18f452.asm
                        W   0x000fe8       data     extern E:\3.46\pic18-lt\cxx-framework\src\traditional\proc\p18f452.asm
                     WREG   0x000fe8       data     extern E:\3.46\pic18-lt\cxx-framework\src\traditional\proc\p18f452.asm
                     FSR0   0x000fe9       data     extern E:\3.46\pic18-lt\cxx-framework\src\traditional\proc\p18f452.asm
                    FSR0L   0x000fe9       data     extern E:\3.46\pic18-lt\cxx-framework\src\traditional\proc\p18f452.asm
                    FSR0H   0x000fea       data     extern E:\3.46\pic18-lt\cxx-framework\src\traditional\proc\p18f452.asm
                   PLUSW0   0x000feb       data     extern E:\3.46\pic18-lt\cxx-framework\src\traditional\proc\p18f452.asm
                  PREINC0   0x000fec       data     extern E:\3.46\pic18-lt\cxx-framework\src\traditional\proc\p18f452.asm
                 POSTDEC0   0x000fed       data     extern E:\3.46\pic18-lt\cxx-framework\src\traditional\proc\p18f452.asm
                 POSTINC0   0x000fee       data     extern E:\3.46\pic18-lt\cxx-framework\src\traditional\proc\p18f452.asm
                    INDF0   0x000fef       data     extern E:\3.46\pic18-lt\cxx-framework\src\traditional\proc\p18f452.asm
                  INTCON3   0x000ff0       data     extern E:\3.46\pic18-lt\cxx-framework\src\traditional\proc\p18f452.asm
              INTCON3bits   0x000ff0       data     extern E:\3.46\pic18-lt\cxx-framework\src\traditional\proc\p18f452.asm
                  INTCON2   0x000ff1       data     extern E:\3.46\pic18-lt\cxx-framework\src\traditional\proc\p18f452.asm
              INTCON2bits   0x000ff1       data     extern E:\3.46\pic18-lt\cxx-framework\src\traditional\proc\p18f452.asm
                   INTCON   0x000ff2       data     extern E:\3.46\pic18-lt\cxx-framework\src\traditional\proc\p18f452.asm
                  INTCON1   0x000ff2       data     extern E:\3.46\pic18-lt\cxx-framework\src\traditional\proc\p18f452.asm
              INTCON1bits   0x000ff2       data     extern E:\3.46\pic18-lt\cxx-framework\src\traditional\proc\p18f452.asm
               INTCONbits   0x000ff2       data     extern E:\3.46\pic18-lt\cxx-framework\src\traditional\proc\p18f452.asm
                    PRODL   0x000ff3       data     extern E:\3.46\pic18-lt\cxx-framework\src\traditional\proc\p18f452.asm
                     PROD   0x000ff3       data     extern E:\3.46\pic18-lt\cxx-framework\src\traditional\proc\p18f452.asm
                    PRODH   0x000ff4       data     extern E:\3.46\pic18-lt\cxx-framework\src\traditional\proc\p18f452.asm
                   TABLAT   0x000ff5       data     extern E:\3.46\pic18-lt\cxx-framework\src\traditional\proc\p18f452.asm
                  TBLPTRL   0x000ff6       data     extern E:\3.46\pic18-lt\cxx-framework\src\traditional\proc\p18f452.asm
                   TBLPTR   0x000ff6       data     extern E:\3.46\pic18-lt\cxx-framework\src\traditional\proc\p18f452.asm
                  TBLPTRH   0x000ff7       data     extern E:\3.46\pic18-lt\cxx-framework\src\traditional\proc\p18f452.asm
                  TBLPTRU   0x000ff8       data     extern E:\3.46\pic18-lt\cxx-framework\src\traditional\proc\p18f452.asm
                      PCL   0x000ff9       data     extern E:\3.46\pic18-lt\cxx-framework\src\traditional\proc\p18f452.asm
                       PC   0x000ff9       data     extern E:\3.46\pic18-lt\cxx-framework\src\traditional\proc\p18f452.asm
                   PCLATH   0x000ffa       data     extern E:\3.46\pic18-lt\cxx-framework\src\traditional\proc\p18f452.asm
                   PCLATU   0x000ffb       data     extern E:\3.46\pic18-lt\cxx-framework\src\traditional\proc\p18f452.asm
                   STKPTR   0x000ffc       data     extern E:\3.46\pic18-lt\cxx-framework\src\traditional\proc\p18f452.asm
               STKPTRbits   0x000ffc       data     extern E:\3.46\pic18-lt\cxx-framework\src\traditional\proc\p18f452.asm
                      TOS   0x000ffd       data     extern E:\3.46\pic18-lt\cxx-framework\src\traditional\proc\p18f452.asm
                     TOSL   0x000ffd       data     extern E:\3.46\pic18-lt\cxx-framework\src\traditional\proc\p18f452.asm
                     TOSH   0x000ffe       data     extern E:\3.46\pic18-lt\cxx-framework\src\traditional\proc\p18f452.asm
                     TOSU   0x000fff       data     extern E:\3.46\pic18-lt\cxx-framework\src\traditional\proc\p18f452.asm


